"io.confluent.kafka.connect.datagen.DatagenConnector"